Test credit report content
